exports[`ChartTotalCost render using Snapshots 1`] = `
<div>
  <h2>
    Custo total
  </h2>
  <div
    id="chartTotalCost"
    style={
      Object {
        "height": "400px",
        "width": "100%",
      }
    }>
    <div>
      Rendering Chart
    </div>
  </div>
</div>
`;
